Archive member included because of file (symbol)

f:/eclipse/eclipse breakdown/eclipse toolchains/winavr/bin/../lib/gcc/avr/4.3.3/avr5\libgcc.a(_mulsi3.o)
                              ./Porject/LM35_program.o (__mulsi3)
f:/eclipse/eclipse breakdown/eclipse toolchains/winavr/bin/../lib/gcc/avr/4.3.3/avr5\libgcc.a(_udivmodhi4.o)
                              ./Porject/LM35_program.o (__udivmodhi4)
f:/eclipse/eclipse breakdown/eclipse toolchains/winavr/bin/../lib/gcc/avr/4.3.3/avr5\libgcc.a(_udivmodsi4.o)
                              ./Porject/Stepper_program.o (__udivmodsi4)
f:/eclipse/eclipse breakdown/eclipse toolchains/winavr/bin/../lib/gcc/avr/4.3.3/avr5\libgcc.a(_exit.o)
                              f:/eclipse/eclipse breakdown/eclipse toolchains/winavr/bin/../lib/gcc/avr/4.3.3/../../../../avr/lib/avr5/crtm32.o (exit)
f:/eclipse/eclipse breakdown/eclipse toolchains/winavr/bin/../lib/gcc/avr/4.3.3/avr5\libgcc.a(_copy_data.o)
                              ./Porject/Keypad_program.o (__do_copy_data)
f:/eclipse/eclipse breakdown/eclipse toolchains/winavr/bin/../lib/gcc/avr/4.3.3/avr5\libgcc.a(_clear_bss.o)
                              ./Porject/ADC_program.o (__do_clear_bss)
f:/eclipse/eclipse breakdown/eclipse toolchains/winavr/bin/../lib/gcc/avr/4.3.3/avr5\libgcc.a(_fixunssfsi.o)
                              ./Porject/CLCD_program.o (__fixunssfsi)
f:/eclipse/eclipse breakdown/eclipse toolchains/winavr/bin/../lib/gcc/avr/4.3.3/avr5\libgcc.a(_udivdi3.o)
                              ./Porject/CLCD_program.o (__udivdi3)
f:/eclipse/eclipse breakdown/eclipse toolchains/winavr/bin/../lib/gcc/avr/4.3.3/avr5\libgcc.a(_umoddi3.o)
                              ./Porject/CLCD_program.o (__umoddi3)
f:/eclipse/eclipse breakdown/eclipse toolchains/winavr/bin/../lib/gcc/avr/4.3.3/avr5\libgcc.a(_addsub_sf.o)
                              f:/eclipse/eclipse breakdown/eclipse toolchains/winavr/bin/../lib/gcc/avr/4.3.3/avr5\libgcc.a(_fixunssfsi.o) (__subsf3)
f:/eclipse/eclipse breakdown/eclipse toolchains/winavr/bin/../lib/gcc/avr/4.3.3/avr5\libgcc.a(_mul_sf.o)
                              ./Porject/CLCD_program.o (__mulsf3)
f:/eclipse/eclipse breakdown/eclipse toolchains/winavr/bin/../lib/gcc/avr/4.3.3/avr5\libgcc.a(_div_sf.o)
                              ./Porject/Mapping_program.o (__divsf3)
f:/eclipse/eclipse breakdown/eclipse toolchains/winavr/bin/../lib/gcc/avr/4.3.3/avr5\libgcc.a(_gt_sf.o)
                              ./Porject/CLCD_program.o (__gtsf2)
f:/eclipse/eclipse breakdown/eclipse toolchains/winavr/bin/../lib/gcc/avr/4.3.3/avr5\libgcc.a(_ge_sf.o)
                              f:/eclipse/eclipse breakdown/eclipse toolchains/winavr/bin/../lib/gcc/avr/4.3.3/avr5\libgcc.a(_fixunssfsi.o) (__gesf2)
f:/eclipse/eclipse breakdown/eclipse toolchains/winavr/bin/../lib/gcc/avr/4.3.3/avr5\libgcc.a(_lt_sf.o)
                              ./Porject/CLCD_program.o (__ltsf2)
f:/eclipse/eclipse breakdown/eclipse toolchains/winavr/bin/../lib/gcc/avr/4.3.3/avr5\libgcc.a(_si_to_sf.o)
                              ./Porject/Mapping_program.o (__floatsisf)
f:/eclipse/eclipse breakdown/eclipse toolchains/winavr/bin/../lib/gcc/avr/4.3.3/avr5\libgcc.a(_sf_to_si.o)
                              ./Porject/Mapping_program.o (__fixsfsi)
f:/eclipse/eclipse breakdown/eclipse toolchains/winavr/bin/../lib/gcc/avr/4.3.3/avr5\libgcc.a(_thenan_sf.o)
                              f:/eclipse/eclipse breakdown/eclipse toolchains/winavr/bin/../lib/gcc/avr/4.3.3/avr5\libgcc.a(_addsub_sf.o) (__thenan_sf)
f:/eclipse/eclipse breakdown/eclipse toolchains/winavr/bin/../lib/gcc/avr/4.3.3/avr5\libgcc.a(_usi_to_sf.o)
                              ./Porject/Stepper_program.o (__floatunsisf)
f:/eclipse/eclipse breakdown/eclipse toolchains/winavr/bin/../lib/gcc/avr/4.3.3/avr5\libgcc.a(_prologue.o)
                              f:/eclipse/eclipse breakdown/eclipse toolchains/winavr/bin/../lib/gcc/avr/4.3.3/avr5\libgcc.a(_udivdi3.o) (__prologue_saves__)
f:/eclipse/eclipse breakdown/eclipse toolchains/winavr/bin/../lib/gcc/avr/4.3.3/avr5\libgcc.a(_epilogue.o)
                              f:/eclipse/eclipse breakdown/eclipse toolchains/winavr/bin/../lib/gcc/avr/4.3.3/avr5\libgcc.a(_udivdi3.o) (__epilogue_restores__)
f:/eclipse/eclipse breakdown/eclipse toolchains/winavr/bin/../lib/gcc/avr/4.3.3/avr5\libgcc.a(_clz.o)
                              f:/eclipse/eclipse breakdown/eclipse toolchains/winavr/bin/../lib/gcc/avr/4.3.3/avr5\libgcc.a(_udivdi3.o) (__clz_tab)
f:/eclipse/eclipse breakdown/eclipse toolchains/winavr/bin/../lib/gcc/avr/4.3.3/avr5\libgcc.a(_clzsi2.o)
                              f:/eclipse/eclipse breakdown/eclipse toolchains/winavr/bin/../lib/gcc/avr/4.3.3/avr5\libgcc.a(_si_to_sf.o) (__clzsi2)
f:/eclipse/eclipse breakdown/eclipse toolchains/winavr/bin/../lib/gcc/avr/4.3.3/avr5\libgcc.a(_pack_sf.o)
                              f:/eclipse/eclipse breakdown/eclipse toolchains/winavr/bin/../lib/gcc/avr/4.3.3/avr5\libgcc.a(_addsub_sf.o) (__pack_f)
f:/eclipse/eclipse breakdown/eclipse toolchains/winavr/bin/../lib/gcc/avr/4.3.3/avr5\libgcc.a(_unpack_sf.o)
                              f:/eclipse/eclipse breakdown/eclipse toolchains/winavr/bin/../lib/gcc/avr/4.3.3/avr5\libgcc.a(_addsub_sf.o) (__unpack_f)
f:/eclipse/eclipse breakdown/eclipse toolchains/winavr/bin/../lib/gcc/avr/4.3.3/avr5\libgcc.a(_fpcmp_parts_sf.o)
                              f:/eclipse/eclipse breakdown/eclipse toolchains/winavr/bin/../lib/gcc/avr/4.3.3/avr5\libgcc.a(_gt_sf.o) (__fpcmp_parts_f)

Memory Configuration

Name             Origin             Length             Attributes
text             0x00000000         0x00020000         xr
data             0x00800060         0x0000ffa0         rw !x
eeprom           0x00810000         0x00010000         rw !x
fuse             0x00820000         0x00000400         rw !x
lock             0x00830000         0x00000400         rw !x
signature        0x00840000         0x00000400         rw !x
*default*        0x00000000         0xffffffff

Linker script and memory map

LOAD f:/eclipse/eclipse breakdown/eclipse toolchains/winavr/bin/../lib/gcc/avr/4.3.3/../../../../avr/lib/avr5/crtm32.o
LOAD ./Porject/ADC_program.o
LOAD ./Porject/Buzzer_program.o
LOAD ./Porject/CLCD_program.o
LOAD ./Porject/DC_Motor_program.o
LOAD ./Porject/DIO_program.o
LOAD ./Porject/EXTI_program.o
LOAD ./Porject/GIE_program.o
LOAD ./Porject/Keypad_program.o
LOAD ./Porject/LM35_program.o
LOAD ./Porject/Led_program.o
LOAD ./Porject/Mapping_program.o
LOAD ./Porject/Pass_prog.o
LOAD ./Porject/Servo_program.o
LOAD ./Porject/Stepper_program.o
LOAD ./Porject/Timer0_program.o
LOAD ./Porject/Timer1_program.o
LOAD ./Porject/main.o
LOAD f:/eclipse/eclipse breakdown/eclipse toolchains/winavr/bin/../lib/gcc/avr/4.3.3/avr5\libgcc.a
LOAD f:/eclipse/eclipse breakdown/eclipse toolchains/winavr/bin/../lib/gcc/avr/4.3.3/../../../../avr/lib/avr5\libc.a
LOAD f:/eclipse/eclipse breakdown/eclipse toolchains/winavr/bin/../lib/gcc/avr/4.3.3/avr5\libgcc.a

.hash
 *(.hash)

.dynsym
 *(.dynsym)

.dynstr
 *(.dynstr)

.gnu.version
 *(.gnu.version)

.gnu.version_d
 *(.gnu.version_d)

.gnu.version_r
 *(.gnu.version_r)

.rel.init
 *(.rel.init)

.rela.init
 *(.rela.init)

.rel.text
 *(.rel.text)
 *(.rel.text.*)
 *(.rel.gnu.linkonce.t*)

.rela.text
 *(.rela.text)
 *(.rela.text.*)
 *(.rela.gnu.linkonce.t*)

.rel.fini
 *(.rel.fini)

.rela.fini
 *(.rela.fini)

.rel.rodata
 *(.rel.rodata)
 *(.rel.rodata.*)
 *(.rel.gnu.linkonce.r*)

.rela.rodata
 *(.rela.rodata)
 *(.rela.rodata.*)
 *(.rela.gnu.linkonce.r*)

.rel.data
 *(.rel.data)
 *(.rel.data.*)
 *(.rel.gnu.linkonce.d*)

.rela.data
 *(.rela.data)
 *(.rela.data.*)
 *(.rela.gnu.linkonce.d*)

.rel.ctors
 *(.rel.ctors)

.rela.ctors
 *(.rela.ctors)

.rel.dtors
 *(.rel.dtors)

.rela.dtors
 *(.rela.dtors)

.rel.got
 *(.rel.got)

.rela.got
 *(.rela.got)

.rel.bss
 *(.rel.bss)

.rela.bss
 *(.rela.bss)

.rel.plt
 *(.rel.plt)

.rela.plt
 *(.rela.plt)

.text           0x00000000     0x98e4
 *(.vectors)
 .vectors       0x00000000       0x54 f:/eclipse/eclipse breakdown/eclipse toolchains/winavr/bin/../lib/gcc/avr/4.3.3/../../../../avr/lib/avr5/crtm32.o
                0x00000000                __vectors
                0x00000000                __vector_default
 *(.vectors)
 *(.progmem.gcc*)
 *(.progmem*)
                0x00000054                . = ALIGN (0x2)
                0x00000054                __trampolines_start = .
 *(.trampolines)
 .trampolines   0x00000054        0x0 linker stubs
 *(.trampolines*)
                0x00000054                __trampolines_end = .
 *(.jumptables)
 *(.jumptables*)
 *(.lowtext)
 *(.lowtext*)
                0x00000054                __ctors_start = .
 *(.ctors)
                0x00000054                __ctors_end = .
                0x00000054                __dtors_start = .
 *(.dtors)
                0x00000054                __dtors_end = .
 SORT(*)(.ctors)
 SORT(*)(.dtors)
 *(.init0)
 .init0         0x00000054        0x0 f:/eclipse/eclipse breakdown/eclipse toolchains/winavr/bin/../lib/gcc/avr/4.3.3/../../../../avr/lib/avr5/crtm32.o
                0x00000054                __init
 *(.init0)
 *(.init1)
 *(.init1)
 *(.init2)
 .init2         0x00000054        0xc f:/eclipse/eclipse breakdown/eclipse toolchains/winavr/bin/../lib/gcc/avr/4.3.3/../../../../avr/lib/avr5/crtm32.o
 *(.init2)
 *(.init3)
 *(.init3)
 *(.init4)
 .init4         0x00000060       0x16 f:/eclipse/eclipse breakdown/eclipse toolchains/winavr/bin/../lib/gcc/avr/4.3.3/avr5\libgcc.a(_copy_data.o)
                0x00000060                __do_copy_data
 .init4         0x00000076       0x10 f:/eclipse/eclipse breakdown/eclipse toolchains/winavr/bin/../lib/gcc/avr/4.3.3/avr5\libgcc.a(_clear_bss.o)
                0x00000076                __do_clear_bss
 *(.init4)
 *(.init5)
 *(.init5)
 *(.init6)
 *(.init6)
 *(.init7)
 *(.init7)
 *(.init8)
 *(.init8)
 *(.init9)
 .init9         0x00000086        0x8 f:/eclipse/eclipse breakdown/eclipse toolchains/winavr/bin/../lib/gcc/avr/4.3.3/../../../../avr/lib/avr5/crtm32.o
 *(.init9)
 *(.text)
 .text          0x0000008e        0x4 f:/eclipse/eclipse breakdown/eclipse toolchains/winavr/bin/../lib/gcc/avr/4.3.3/../../../../avr/lib/avr5/crtm32.o
                0x0000008e                __vector_12
                0x0000008e                __bad_interrupt
                0x0000008e                __vector_6
                0x0000008e                __vector_13
                0x0000008e                __vector_17
                0x0000008e                __vector_19
                0x0000008e                __vector_7
                0x0000008e                __vector_5
                0x0000008e                __vector_4
                0x0000008e                __vector_9
                0x0000008e                __vector_15
                0x0000008e                __vector_8
                0x0000008e                __vector_14
                0x0000008e                __vector_18
                0x0000008e                __vector_20
 .text          0x00000092        0x0 ./Porject/ADC_program.o
 .text          0x00000092        0x0 ./Porject/Buzzer_program.o
 .text          0x00000092        0x0 ./Porject/CLCD_program.o
 .text          0x00000092        0x0 ./Porject/DC_Motor_program.o
 .text          0x00000092        0x0 ./Porject/DIO_program.o
 .text          0x00000092        0x0 ./Porject/EXTI_program.o
 .text          0x00000092        0x0 ./Porject/GIE_program.o
 .text          0x00000092        0x0 ./Porject/Keypad_program.o
 .text          0x00000092        0x0 ./Porject/LM35_program.o
 .text          0x00000092        0x0 ./Porject/Led_program.o
 .text          0x00000092        0x0 ./Porject/Mapping_program.o
 .text          0x00000092        0x0 ./Porject/Pass_prog.o
 .text          0x00000092        0x0 ./Porject/Servo_program.o
 .text          0x00000092        0x0 ./Porject/Stepper_program.o
 .text          0x00000092        0x0 ./Porject/Timer0_program.o
 .text          0x00000092        0x0 ./Porject/Timer1_program.o
 .text          0x00000092        0x0 ./Porject/main.o
 .text          0x00000092        0x0 f:/eclipse/eclipse breakdown/eclipse toolchains/winavr/bin/../lib/gcc/avr/4.3.3/avr5\libgcc.a(_mulsi3.o)
 .text          0x00000092        0x0 f:/eclipse/eclipse breakdown/eclipse toolchains/winavr/bin/../lib/gcc/avr/4.3.3/avr5\libgcc.a(_udivmodhi4.o)
 .text          0x00000092        0x0 f:/eclipse/eclipse breakdown/eclipse toolchains/winavr/bin/../lib/gcc/avr/4.3.3/avr5\libgcc.a(_udivmodsi4.o)
 .text          0x00000092        0x0 f:/eclipse/eclipse breakdown/eclipse toolchains/winavr/bin/../lib/gcc/avr/4.3.3/avr5\libgcc.a(_exit.o)
 .text          0x00000092        0x0 f:/eclipse/eclipse breakdown/eclipse toolchains/winavr/bin/../lib/gcc/avr/4.3.3/avr5\libgcc.a(_copy_data.o)
 .text          0x00000092        0x0 f:/eclipse/eclipse breakdown/eclipse toolchains/winavr/bin/../lib/gcc/avr/4.3.3/avr5\libgcc.a(_clear_bss.o)
 .text          0x00000092       0x58 f:/eclipse/eclipse breakdown/eclipse toolchains/winavr/bin/../lib/gcc/avr/4.3.3/avr5\libgcc.a(_fixunssfsi.o)
                0x00000092                __fixunssfsi
 .text          0x000000ea      0xcea f:/eclipse/eclipse breakdown/eclipse toolchains/winavr/bin/../lib/gcc/avr/4.3.3/avr5\libgcc.a(_udivdi3.o)
                0x000000ea                __udivdi3
 .text          0x00000dd4      0xce0 f:/eclipse/eclipse breakdown/eclipse toolchains/winavr/bin/../lib/gcc/avr/4.3.3/avr5\libgcc.a(_umoddi3.o)
                0x00000dd4                __umoddi3
 .text          0x00001ab4      0x354 f:/eclipse/eclipse breakdown/eclipse toolchains/winavr/bin/../lib/gcc/avr/4.3.3/avr5\libgcc.a(_addsub_sf.o)
                0x00001d4c                __subsf3
                0x00001dae                __addsf3
 .text          0x00001e08      0x1f4 f:/eclipse/eclipse breakdown/eclipse toolchains/winavr/bin/../lib/gcc/avr/4.3.3/avr5\libgcc.a(_mul_sf.o)
                0x00001e08                __mulsf3
 .text          0x00001ffc      0x158 f:/eclipse/eclipse breakdown/eclipse toolchains/winavr/bin/../lib/gcc/avr/4.3.3/avr5\libgcc.a(_div_sf.o)
                0x00001ffc                __divsf3
 .text          0x00002154       0x60 f:/eclipse/eclipse breakdown/eclipse toolchains/winavr/bin/../lib/gcc/avr/4.3.3/avr5\libgcc.a(_gt_sf.o)
                0x00002154                __gtsf2
 .text          0x000021b4       0x60 f:/eclipse/eclipse breakdown/eclipse toolchains/winavr/bin/../lib/gcc/avr/4.3.3/avr5\libgcc.a(_ge_sf.o)
                0x000021b4                __gesf2
 .text          0x00002214       0x60 f:/eclipse/eclipse breakdown/eclipse toolchains/winavr/bin/../lib/gcc/avr/4.3.3/avr5\libgcc.a(_lt_sf.o)
                0x00002214                __ltsf2
 .text          0x00002274       0xbc f:/eclipse/eclipse breakdown/eclipse toolchains/winavr/bin/../lib/gcc/avr/4.3.3/avr5\libgcc.a(_si_to_sf.o)
                0x00002274                __floatsisf
 .text          0x00002330       0xa8 f:/eclipse/eclipse breakdown/eclipse toolchains/winavr/bin/../lib/gcc/avr/4.3.3/avr5\libgcc.a(_sf_to_si.o)
                0x00002330                __fixsfsi
 .text          0x000023d8        0x0 f:/eclipse/eclipse breakdown/eclipse toolchains/winavr/bin/../lib/gcc/avr/4.3.3/avr5\libgcc.a(_thenan_sf.o)
 .text          0x000023d8       0xf2 f:/eclipse/eclipse breakdown/eclipse toolchains/winavr/bin/../lib/gcc/avr/4.3.3/avr5\libgcc.a(_usi_to_sf.o)
                0x000023d8                __floatunsisf
 .text          0x000024ca        0x0 f:/eclipse/eclipse breakdown/eclipse toolchains/winavr/bin/../lib/gcc/avr/4.3.3/avr5\libgcc.a(_prologue.o)
 .text          0x000024ca        0x0 f:/eclipse/eclipse breakdown/eclipse toolchains/winavr/bin/../lib/gcc/avr/4.3.3/avr5\libgcc.a(_epilogue.o)
 .text          0x000024ca        0x0 f:/eclipse/eclipse breakdown/eclipse toolchains/winavr/bin/../lib/gcc/avr/4.3.3/avr5\libgcc.a(_clz.o)
 .text          0x000024ca       0x9e f:/eclipse/eclipse breakdown/eclipse toolchains/winavr/bin/../lib/gcc/avr/4.3.3/avr5\libgcc.a(_clzsi2.o)
                0x000024ca                __clzsi2
 .text          0x00002568      0x1aa f:/eclipse/eclipse breakdown/eclipse toolchains/winavr/bin/../lib/gcc/avr/4.3.3/avr5\libgcc.a(_pack_sf.o)
                0x00002568                __pack_f
 .text          0x00002712       0xf0 f:/eclipse/eclipse breakdown/eclipse toolchains/winavr/bin/../lib/gcc/avr/4.3.3/avr5\libgcc.a(_unpack_sf.o)
                0x00002712                __unpack_f
 .text          0x00002802       0xb2 f:/eclipse/eclipse breakdown/eclipse toolchains/winavr/bin/../lib/gcc/avr/4.3.3/avr5\libgcc.a(_fpcmp_parts_sf.o)
                0x00002802                __fpcmp_parts_f
                0x000028b4                . = ALIGN (0x2)
 *(.text.*)
 .text.ADC_voidInit
                0x000028b4       0x7e ./Porject/ADC_program.o
                0x000028b4                ADC_voidInit
 .text.ADC_u16StartConversionSynch
                0x00002932      0x116 ./Porject/ADC_program.o
                0x00002932                ADC_u16StartConversionSynch
 .text.ADC_u16StartConversionAsynch
                0x00002a48       0xae ./Porject/ADC_program.o
                0x00002a48                ADC_u16StartConversionAsynch
 .text.ADC_u8StartChainAsynch
                0x00002af6       0xd8 ./Porject/ADC_program.o
                0x00002af6                ADC_u8StartChainAsynch
 .text.__vector_16
                0x00002bce      0x15a ./Porject/ADC_program.o
                0x00002bce                __vector_16
 .text.BUZZ_voidInit
                0x00002d28       0x2c ./Porject/Buzzer_program.o
                0x00002d28                BUZZ_voidInit
 .text.BUZZ_voidTurnOn
                0x00002d54       0x56 ./Porject/Buzzer_program.o
                0x00002d54                BUZZ_voidTurnOn
 .text.BUZZ_voidTurnOff
                0x00002daa       0x56 ./Porject/Buzzer_program.o
                0x00002daa                BUZZ_voidTurnOff
 .text.BUZZ_voidToggle
                0x00002e00       0x2a ./Porject/Buzzer_program.o
                0x00002e00                BUZZ_voidToggle
 .text.CLCD_voidSendCommand
                0x00002e2a       0xd2 ./Porject/CLCD_program.o
                0x00002e2a                CLCD_voidSendCommand
 .text.CLCD_voidSendData
                0x00002efc       0xd2 ./Porject/CLCD_program.o
                0x00002efc                CLCD_voidSendData
 .text.CLCD_voidSendCharPosition
                0x00002fce       0x2c ./Porject/CLCD_program.o
                0x00002fce                CLCD_voidSendCharPosition
 .text.CLCD_voidInit
                0x00002ffa      0x342 ./Porject/CLCD_program.o
                0x00002ffa                CLCD_voidInit
 .text.CLCD_voidSendString
                0x0000333c       0x52 ./Porject/CLCD_program.o
                0x0000333c                CLCD_voidSendString
 .text.CLCD_voidSendStringIndex_16
                0x0000338e       0x76 ./Porject/CLCD_program.o
                0x0000338e                CLCD_voidSendStringIndex_16
 .text.CLCD_voidSendStringPosition
                0x00003404       0x32 ./Porject/CLCD_program.o
                0x00003404                CLCD_voidSendStringPosition
 .text.CLCD_voidGoToXY
                0x00003436       0x3c ./Porject/CLCD_program.o
                0x00003436                CLCD_voidGoToXY
 .text.CLCD_voidSpecialCharacter
                0x00003472       0x82 ./Porject/CLCD_program.o
                0x00003472                CLCD_voidSpecialCharacter
 .text.CLCD_voidPrintINTNumber
                0x000034f4      0x23a ./Porject/CLCD_program.o
                0x000034f4                CLCD_voidPrintINTNumber
 .text.CLCD_voidSendINTNumberPosition
                0x0000372e       0x7a ./Porject/CLCD_program.o
                0x0000372e                CLCD_voidSendINTNumberPosition
 .text.CLCD_voidClearLCD
                0x000037a8      0x110 ./Porject/CLCD_program.o
                0x000037a8                CLCD_voidClearLCD
 .text.CLCD_voidClearLCDPosition
                0x000038b8       0x26 ./Porject/CLCD_program.o
                0x000038b8                CLCD_voidClearLCDPosition
 .text.CLCD_voidCursorOff
                0x000038de      0x110 ./Porject/CLCD_program.o
                0x000038de                CLCD_voidCursorOff
 .text.CLCD_voidCursorOn
                0x000039ee      0x110 ./Porject/CLCD_program.o
                0x000039ee                CLCD_voidCursorOn
 .text.CLCD_voidCursorBlink
                0x00003afe      0x110 ./Porject/CLCD_program.o
                0x00003afe                CLCD_voidCursorBlink
 .text.CLCD_voidSendPuls
                0x00003c0e      0x202 ./Porject/CLCD_program.o
                0x00003c0e                CLCD_voidSendPuls
 .text.DCMOTOR_voidInit
                0x00003e10       0x40 ./Porject/DC_Motor_program.o
                0x00003e10                DCMOTOR_voidInit
 .text.DCMOTOR_uint8ControlDirection
                0x00003e50       0xd4 ./Porject/DC_Motor_program.o
                0x00003e50                DCMOTOR_uint8ControlDirection
 .text.DIO_enumSetPinDirection
                0x00003f24      0x21e ./Porject/DIO_program.o
                0x00003f24                DIO_enumSetPinDirection
 .text.DIO_enumSetPinValue
                0x00004142      0x21e ./Porject/DIO_program.o
                0x00004142                DIO_enumSetPinValue
 .text.DIO_enumGetPinValue
                0x00004360      0x128 ./Porject/DIO_program.o
                0x00004360                DIO_enumGetPinValue
 .text.DIO_enumTogglePinValue
                0x00004488      0x118 ./Porject/DIO_program.o
                0x00004488                DIO_enumTogglePinValue
 .text.DIO_enumSetPortDirection
                0x000045a0      0x10e ./Porject/DIO_program.o
                0x000045a0                DIO_enumSetPortDirection
 .text.DIO_enumSetPortValue
                0x000046ae       0x96 ./Porject/DIO_program.o
                0x000046ae                DIO_enumSetPortValue
 .text.DIO_enumTogglePortValue
                0x00004744       0xaa ./Porject/DIO_program.o
                0x00004744                DIO_enumTogglePortValue
 .text.DIO_enumSetHighNibbleDirection
                0x000047ee      0x14a ./Porject/DIO_program.o
                0x000047ee                DIO_enumSetHighNibbleDirection
 .text.DIO_enumSetHighNibbleValue
                0x00004938      0x18a ./Porject/DIO_program.o
                0x00004938                DIO_enumSetHighNibbleValue
 .text.DIO_enumSetLowNibbleDirection
                0x00004ac2      0x14a ./Porject/DIO_program.o
                0x00004ac2                DIO_enumSetLowNibbleDirection
 .text.DIO_enumSetLowNibbleValue
                0x00004c0c      0x18a ./Porject/DIO_program.o
                0x00004c0c                DIO_enumSetLowNibbleValue
 .text.EXTI_voidINT0Init
                0x00004d96       0x38 ./Porject/EXTI_program.o
                0x00004d96                EXTI_voidINT0Init
 .text.EXTI_voidINT1Init
                0x00004dce       0x38 ./Porject/EXTI_program.o
                0x00004dce                EXTI_voidINT1Init
 .text.EXTI_voidINT2Init
                0x00004e06       0x2a ./Porject/EXTI_program.o
                0x00004e06                EXTI_voidINT2Init
 .text.EXTI_u8ExtIEnable
                0x00004e30      0x2aa ./Porject/EXTI_program.o
                0x00004e30                EXTI_u8ExtIEnable
 .text.EXTI_u8ExtIDisable
                0x000050da       0x7a ./Porject/EXTI_program.o
                0x000050da                EXTI_u8ExtIDisable
 .text.EXTI_u8ExtISetCallBackINT0
                0x00005154       0x3a ./Porject/EXTI_program.o
                0x00005154                EXTI_u8ExtISetCallBackINT0
 .text.EXTI_u8ExtISetCallBackINT1
                0x0000518e       0x3a ./Porject/EXTI_program.o
                0x0000518e                EXTI_u8ExtISetCallBackINT1
 .text.EXTI_u8ExtISetCallBackINT2
                0x000051c8       0x3a ./Porject/EXTI_program.o
                0x000051c8                EXTI_u8ExtISetCallBackINT2
 .text.__vector_1
                0x00005202       0x66 ./Porject/EXTI_program.o
                0x00005202                __vector_1
 .text.__vector_2
                0x00005268       0x66 ./Porject/EXTI_program.o
                0x00005268                __vector_2
 .text.__vector_3
                0x000052ce       0x66 ./Porject/EXTI_program.o
                0x000052ce                __vector_3
 .text.GIE_voidEnable
                0x00005334       0x1c ./Porject/GIE_program.o
                0x00005334                GIE_voidEnable
 .text.GIE_voidDisable
                0x00005350       0x1c ./Porject/GIE_program.o
                0x00005350                GIE_voidDisable
 .text.KPD_voidInit
                0x0000536c       0xae ./Porject/Keypad_program.o
                0x0000536c                KPD_voidInit
 .text.KPD_u8GetPressedKey
                0x0000541a      0x102 ./Porject/Keypad_program.o
                0x0000541a                KPD_u8GetPressedKey
 .text.LM35_voidInit
                0x0000551c       0x12 ./Porject/LM35_program.o
                0x0000551c                LM35_voidInit
 .text.LM35_u8GetTemperatureValue
                0x0000552e       0xae ./Porject/LM35_program.o
                0x0000552e                LM35_u8GetTemperatureValue
 .text.LED_voidPinInit
                0x000055dc       0x2c ./Porject/Led_program.o
                0x000055dc                LED_voidPinInit
 .text.LED_voidPinTurnOn
                0x00005608       0x56 ./Porject/Led_program.o
                0x00005608                LED_voidPinTurnOn
 .text.LED_voidPinTurnOff
                0x0000565e       0x56 ./Porject/Led_program.o
                0x0000565e                LED_voidPinTurnOff
 .text.LED_voidPinToggle
                0x000056b4       0x2a ./Porject/Led_program.o
                0x000056b4                LED_voidPinToggle
 .text.LED_voidPortInit
                0x000056de       0x24 ./Porject/Led_program.o
                0x000056de                LED_voidPortInit
 .text.LED_voidPortTurnOn
                0x00005702       0x46 ./Porject/Led_program.o
                0x00005702                LED_voidPortTurnOn
 .text.LED_voidPortTurnOff
                0x00005748       0x46 ./Porject/Led_program.o
                0x00005748                LED_voidPortTurnOff
 .text.LED_voidPortToggle
                0x0000578e       0x22 ./Porject/Led_program.o
                0x0000578e                LED_voidPortToggle
 .text.LED_voidPortSetValue
                0x000057b0       0x4c ./Porject/Led_program.o
                0x000057b0                LED_voidPortSetValue
 .text.MAPPING_s32GetOutput
                0x000057fc      0x166 ./Porject/Mapping_program.o
                0x000057fc                MAPPING_s32GetOutput
 .text.Cal_u8CheckPass
                0x00005962       0x98 ./Porject/Pass_prog.o
                0x00005962                Cal_u8CheckPass
 .text.PASS_voidPassCheckCorrect
                0x000059fa      0x20e ./Porject/Pass_prog.o
                0x000059fa                PASS_voidPassCheckCorrect
 .text.PASS_voidPassCheckWrong
                0x00005c08      0x11a ./Porject/Pass_prog.o
                0x00005c08                PASS_voidPassCheckWrong
 .text.SERVO_voidInit
                0x00005d22       0x3a ./Porject/Servo_program.o
                0x00005d22                SERVO_voidInit
 .text.SERVO_voidSetDegreeRotate
                0x00005d5c      0x116 ./Porject/Servo_program.o
                0x00005d5c                SERVO_voidSetDegreeRotate
 .text.STEPPER_voidInit
                0x00005e72       0x5e ./Porject/Stepper_program.o
                0x00005e72                STEPPER_voidInit
 .text.STEPPER_voidTurnOn
                0x00005ed0     0x279c ./Porject/Stepper_program.o
                0x00005ed0                STEPPER_voidTurnOn
 .text.STEPPER_voidTurnOff
                0x0000866c       0x36 ./Porject/Stepper_program.o
                0x0000866c                STEPPER_voidTurnOff
 .text.TIMER0_voidInit
                0x000086a2       0x68 ./Porject/Timer0_program.o
                0x000086a2                TIMER0_voidInit
 .text.TIMER0_voidSetPreloadValue
                0x0000870a       0x1c ./Porject/Timer0_program.o
                0x0000870a                TIMER0_voidSetPreloadValue
 .text.TIMER0_voidSetCompMatchValue
                0x00008726       0x1c ./Porject/Timer0_program.o
                0x00008726                TIMER0_voidSetCompMatchValue
 .text.TIMER0_u8SetCallBackCTCMode
                0x00008742       0x3a ./Porject/Timer0_program.o
                0x00008742                TIMER0_u8SetCallBackCTCMode
 .text.__vector_10
                0x0000877c       0x66 ./Porject/Timer0_program.o
                0x0000877c                __vector_10
 .text.TIMER0_u8SetCallBackOverFlowMode
                0x000087e2       0x3a ./Porject/Timer0_program.o
                0x000087e2                TIMER0_u8SetCallBackOverFlowMode
 .text.__vector_11
                0x0000881c       0x66 ./Porject/Timer0_program.o
                0x0000881c                __vector_11
 .text.TIMER1_voidInit
                0x00008882       0xee ./Porject/Timer1_program.o
                0x00008882                TIMER1_voidInit
 .text.TIMER1_voidSetPreloadValue
                0x00008970       0x24 ./Porject/Timer1_program.o
                0x00008970                TIMER1_voidSetPreloadValue
 .text.TIMER1_voidSetICR1
                0x00008994       0x24 ./Porject/Timer1_program.o
                0x00008994                TIMER1_voidSetICR1
 .text.TIMER1_voidSetValueCompMatchChannel_A
                0x000089b8       0x24 ./Porject/Timer1_program.o
                0x000089b8                TIMER1_voidSetValueCompMatchChannel_A
 .text.TIMER1_voidSetValueCompMatchChannel_B
                0x000089dc       0x24 ./Porject/Timer1_program.o
                0x000089dc                TIMER1_voidSetValueCompMatchChannel_B
 .text.main     0x00008a00      0xd1c ./Porject/main.o
                0x00008a00                main
 .text.INT0ISR  0x0000971c       0x14 ./Porject/main.o
                0x0000971c                INT0ISR
 .text.INT1ISR  0x00009730       0x14 ./Porject/main.o
                0x00009730                INT1ISR
 .text.ConvertArrayToValue
                0x00009744       0x84 ./Porject/main.o
                0x00009744                ConvertArrayToValue
 .text.libgcc   0x000097c8       0x3e f:/eclipse/eclipse breakdown/eclipse toolchains/winavr/bin/../lib/gcc/avr/4.3.3/avr5\libgcc.a(_mulsi3.o)
                0x000097c8                __mulsi3
 .text.libgcc   0x00009806       0x28 f:/eclipse/eclipse breakdown/eclipse toolchains/winavr/bin/../lib/gcc/avr/4.3.3/avr5\libgcc.a(_udivmodhi4.o)
                0x00009806                __udivmodhi4
 .text.libgcc   0x0000982e       0x44 f:/eclipse/eclipse breakdown/eclipse toolchains/winavr/bin/../lib/gcc/avr/4.3.3/avr5\libgcc.a(_udivmodsi4.o)
                0x0000982e                __udivmodsi4
 .text.libgcc   0x00009872        0x0 f:/eclipse/eclipse breakdown/eclipse toolchains/winavr/bin/../lib/gcc/avr/4.3.3/avr5\libgcc.a(_exit.o)
 .text.libgcc   0x00009872        0x0 f:/eclipse/eclipse breakdown/eclipse toolchains/winavr/bin/../lib/gcc/avr/4.3.3/avr5\libgcc.a(_copy_data.o)
 .text.libgcc   0x00009872        0x0 f:/eclipse/eclipse breakdown/eclipse toolchains/winavr/bin/../lib/gcc/avr/4.3.3/avr5\libgcc.a(_clear_bss.o)
 .text.libgcc   0x00009872       0x38 f:/eclipse/eclipse breakdown/eclipse toolchains/winavr/bin/../lib/gcc/avr/4.3.3/avr5\libgcc.a(_prologue.o)
                0x00009872                __prologue_saves__
 .text.libgcc   0x000098aa       0x36 f:/eclipse/eclipse breakdown/eclipse toolchains/winavr/bin/../lib/gcc/avr/4.3.3/avr5\libgcc.a(_epilogue.o)
                0x000098aa                __epilogue_restores__
                0x000098e0                . = ALIGN (0x2)
 *(.fini9)
 .fini9         0x000098e0        0x0 f:/eclipse/eclipse breakdown/eclipse toolchains/winavr/bin/../lib/gcc/avr/4.3.3/avr5\libgcc.a(_exit.o)
                0x000098e0                exit
                0x000098e0                _exit
 *(.fini9)
 *(.fini8)
 *(.fini8)
 *(.fini7)
 *(.fini7)
 *(.fini6)
 *(.fini6)
 *(.fini5)
 *(.fini5)
 *(.fini4)
 *(.fini4)
 *(.fini3)
 *(.fini3)
 *(.fini2)
 *(.fini2)
 *(.fini1)
 *(.fini1)
 *(.fini0)
 .fini0         0x000098e0        0x4 f:/eclipse/eclipse breakdown/eclipse toolchains/winavr/bin/../lib/gcc/avr/4.3.3/avr5\libgcc.a(_exit.o)
 *(.fini0)
                0x000098e4                _etext = .

.data           0x00800060      0x1dc load address 0x000098e4
                0x00800060                PROVIDE (__data_start, .)
 *(.data)
 .data          0x00800060        0x0 f:/eclipse/eclipse breakdown/eclipse toolchains/winavr/bin/../lib/gcc/avr/4.3.3/../../../../avr/lib/avr5/crtm32.o
 .data          0x00800060        0x0 ./Porject/ADC_program.o
 .data          0x00800060        0x0 ./Porject/Buzzer_program.o
 .data          0x00800060        0x0 ./Porject/CLCD_program.o
 .data          0x00800060        0x0 ./Porject/DC_Motor_program.o
 .data          0x00800060        0x0 ./Porject/DIO_program.o
 .data          0x00800060        0x0 ./Porject/EXTI_program.o
 .data          0x00800060        0x0 ./Porject/GIE_program.o
 .data          0x00800060        0x0 ./Porject/Keypad_program.o
 .data          0x00800060        0x0 ./Porject/LM35_program.o
 .data          0x00800060        0x0 ./Porject/Led_program.o
 .data          0x00800060        0x0 ./Porject/Mapping_program.o
 .data          0x00800060       0x2f ./Porject/Pass_prog.o
 .data          0x0080008f        0x0 ./Porject/Servo_program.o
 .data          0x0080008f        0x0 ./Porject/Stepper_program.o
 .data          0x0080008f        0x0 ./Porject/Timer0_program.o
 .data          0x0080008f        0x0 ./Porject/Timer1_program.o
 .data          0x0080008f       0x83 ./Porject/main.o
 .data          0x00800112        0x0 f:/eclipse/eclipse breakdown/eclipse toolchains/winavr/bin/../lib/gcc/avr/4.3.3/avr5\libgcc.a(_mulsi3.o)
 .data          0x00800112        0x0 f:/eclipse/eclipse breakdown/eclipse toolchains/winavr/bin/../lib/gcc/avr/4.3.3/avr5\libgcc.a(_udivmodhi4.o)
 .data          0x00800112        0x0 f:/eclipse/eclipse breakdown/eclipse toolchains/winavr/bin/../lib/gcc/avr/4.3.3/avr5\libgcc.a(_udivmodsi4.o)
 .data          0x00800112        0x0 f:/eclipse/eclipse breakdown/eclipse toolchains/winavr/bin/../lib/gcc/avr/4.3.3/avr5\libgcc.a(_exit.o)
 .data          0x00800112        0x0 f:/eclipse/eclipse breakdown/eclipse toolchains/winavr/bin/../lib/gcc/avr/4.3.3/avr5\libgcc.a(_copy_data.o)
 .data          0x00800112        0x0 f:/eclipse/eclipse breakdown/eclipse toolchains/winavr/bin/../lib/gcc/avr/4.3.3/avr5\libgcc.a(_clear_bss.o)
 .data          0x00800112        0x0 f:/eclipse/eclipse breakdown/eclipse toolchains/winavr/bin/../lib/gcc/avr/4.3.3/avr5\libgcc.a(_fixunssfsi.o)
 .data          0x00800112        0x0 f:/eclipse/eclipse breakdown/eclipse toolchains/winavr/bin/../lib/gcc/avr/4.3.3/avr5\libgcc.a(_udivdi3.o)
 .data          0x00800112        0x0 f:/eclipse/eclipse breakdown/eclipse toolchains/winavr/bin/../lib/gcc/avr/4.3.3/avr5\libgcc.a(_umoddi3.o)
 .data          0x00800112        0x0 f:/eclipse/eclipse breakdown/eclipse toolchains/winavr/bin/../lib/gcc/avr/4.3.3/avr5\libgcc.a(_addsub_sf.o)
 .data          0x00800112        0x0 f:/eclipse/eclipse breakdown/eclipse toolchains/winavr/bin/../lib/gcc/avr/4.3.3/avr5\libgcc.a(_mul_sf.o)
 .data          0x00800112        0x0 f:/eclipse/eclipse breakdown/eclipse toolchains/winavr/bin/../lib/gcc/avr/4.3.3/avr5\libgcc.a(_div_sf.o)
 .data          0x00800112        0x0 f:/eclipse/eclipse breakdown/eclipse toolchains/winavr/bin/../lib/gcc/avr/4.3.3/avr5\libgcc.a(_gt_sf.o)
 .data          0x00800112        0x0 f:/eclipse/eclipse breakdown/eclipse toolchains/winavr/bin/../lib/gcc/avr/4.3.3/avr5\libgcc.a(_ge_sf.o)
 .data          0x00800112        0x0 f:/eclipse/eclipse breakdown/eclipse toolchains/winavr/bin/../lib/gcc/avr/4.3.3/avr5\libgcc.a(_lt_sf.o)
 .data          0x00800112        0x0 f:/eclipse/eclipse breakdown/eclipse toolchains/winavr/bin/../lib/gcc/avr/4.3.3/avr5\libgcc.a(_si_to_sf.o)
 .data          0x00800112        0x0 f:/eclipse/eclipse breakdown/eclipse toolchains/winavr/bin/../lib/gcc/avr/4.3.3/avr5\libgcc.a(_sf_to_si.o)
 .data          0x00800112        0x8 f:/eclipse/eclipse breakdown/eclipse toolchains/winavr/bin/../lib/gcc/avr/4.3.3/avr5\libgcc.a(_thenan_sf.o)
                0x00800112                __thenan_sf
 .data          0x0080011a        0x0 f:/eclipse/eclipse breakdown/eclipse toolchains/winavr/bin/../lib/gcc/avr/4.3.3/avr5\libgcc.a(_usi_to_sf.o)
 .data          0x0080011a        0x0 f:/eclipse/eclipse breakdown/eclipse toolchains/winavr/bin/../lib/gcc/avr/4.3.3/avr5\libgcc.a(_prologue.o)
 .data          0x0080011a        0x0 f:/eclipse/eclipse breakdown/eclipse toolchains/winavr/bin/../lib/gcc/avr/4.3.3/avr5\libgcc.a(_epilogue.o)
 .data          0x0080011a      0x100 f:/eclipse/eclipse breakdown/eclipse toolchains/winavr/bin/../lib/gcc/avr/4.3.3/avr5\libgcc.a(_clz.o)
                0x0080011a                __clz_tab
 .data          0x0080021a        0x0 f:/eclipse/eclipse breakdown/eclipse toolchains/winavr/bin/../lib/gcc/avr/4.3.3/avr5\libgcc.a(_clzsi2.o)
 .data          0x0080021a        0x0 f:/eclipse/eclipse breakdown/eclipse toolchains/winavr/bin/../lib/gcc/avr/4.3.3/avr5\libgcc.a(_pack_sf.o)
 .data          0x0080021a        0x0 f:/eclipse/eclipse breakdown/eclipse toolchains/winavr/bin/../lib/gcc/avr/4.3.3/avr5\libgcc.a(_unpack_sf.o)
 .data          0x0080021a        0x0 f:/eclipse/eclipse breakdown/eclipse toolchains/winavr/bin/../lib/gcc/avr/4.3.3/avr5\libgcc.a(_fpcmp_parts_sf.o)
 *(.data*)
 .data.Local_u8RowArr.1323
                0x0080021a        0x4 ./Porject/Keypad_program.o
 .data.Local_u8ColumnArr.1322
                0x0080021e        0x4 ./Porject/Keypad_program.o
 .data.Local_u8KPDArr.1321
                0x00800222       0x10 ./Porject/Keypad_program.o
 *(.rodata)
 *(.rodata*)
 .rodata.C.2.1550
                0x00800232        0x3 ./Porject/main.o
 .rodata.C.1.1549
                0x00800235        0x3 ./Porject/main.o
 .rodata.C.0.1548
                0x00800238        0x3 ./Porject/main.o
 *(.gnu.linkonce.d*)
                0x0080023c                . = ALIGN (0x2)
 *fill*         0x0080023b        0x1 00
                0x0080023c                _edata = .
                0x0080023c                PROVIDE (__data_end, .)

.bss            0x0080023c       0x1a
                0x0080023c                PROVIDE (__bss_start, .)
 *(.bss)
 .bss           0x0080023c        0x0 f:/eclipse/eclipse breakdown/eclipse toolchains/winavr/bin/../lib/gcc/avr/4.3.3/../../../../avr/lib/avr5/crtm32.o
 .bss           0x0080023c        0x0 ./Porject/ADC_program.o
 .bss           0x0080023c        0x0 ./Porject/Buzzer_program.o
 .bss           0x0080023c        0x0 ./Porject/CLCD_program.o
 .bss           0x0080023c        0x0 ./Porject/DC_Motor_program.o
 .bss           0x0080023c        0x0 ./Porject/DIO_program.o
 .bss           0x0080023c        0x0 ./Porject/EXTI_program.o
 .bss           0x0080023c        0x0 ./Porject/GIE_program.o
 .bss           0x0080023c        0x0 ./Porject/Keypad_program.o
 .bss           0x0080023c        0x0 ./Porject/LM35_program.o
 .bss           0x0080023c        0x0 ./Porject/Led_program.o
 .bss           0x0080023c        0x0 ./Porject/Mapping_program.o
 .bss           0x0080023c        0x0 ./Porject/Pass_prog.o
 .bss           0x0080023c        0x0 ./Porject/Servo_program.o
 .bss           0x0080023c        0x0 ./Porject/Stepper_program.o
 .bss           0x0080023c        0x0 ./Porject/Timer0_program.o
 .bss           0x0080023c        0x0 ./Porject/Timer1_program.o
 .bss           0x0080023c        0x0 ./Porject/main.o
 .bss           0x0080023c        0x0 f:/eclipse/eclipse breakdown/eclipse toolchains/winavr/bin/../lib/gcc/avr/4.3.3/avr5\libgcc.a(_mulsi3.o)
 .bss           0x0080023c        0x0 f:/eclipse/eclipse breakdown/eclipse toolchains/winavr/bin/../lib/gcc/avr/4.3.3/avr5\libgcc.a(_udivmodhi4.o)
 .bss           0x0080023c        0x0 f:/eclipse/eclipse breakdown/eclipse toolchains/winavr/bin/../lib/gcc/avr/4.3.3/avr5\libgcc.a(_udivmodsi4.o)
 .bss           0x0080023c        0x0 f:/eclipse/eclipse breakdown/eclipse toolchains/winavr/bin/../lib/gcc/avr/4.3.3/avr5\libgcc.a(_exit.o)
 .bss           0x0080023c        0x0 f:/eclipse/eclipse breakdown/eclipse toolchains/winavr/bin/../lib/gcc/avr/4.3.3/avr5\libgcc.a(_copy_data.o)
 .bss           0x0080023c        0x0 f:/eclipse/eclipse breakdown/eclipse toolchains/winavr/bin/../lib/gcc/avr/4.3.3/avr5\libgcc.a(_clear_bss.o)
 .bss           0x0080023c        0x0 f:/eclipse/eclipse breakdown/eclipse toolchains/winavr/bin/../lib/gcc/avr/4.3.3/avr5\libgcc.a(_fixunssfsi.o)
 .bss           0x0080023c        0x0 f:/eclipse/eclipse breakdown/eclipse toolchains/winavr/bin/../lib/gcc/avr/4.3.3/avr5\libgcc.a(_udivdi3.o)
 .bss           0x0080023c        0x0 f:/eclipse/eclipse breakdown/eclipse toolchains/winavr/bin/../lib/gcc/avr/4.3.3/avr5\libgcc.a(_umoddi3.o)
 .bss           0x0080023c        0x0 f:/eclipse/eclipse breakdown/eclipse toolchains/winavr/bin/../lib/gcc/avr/4.3.3/avr5\libgcc.a(_addsub_sf.o)
 .bss           0x0080023c        0x0 f:/eclipse/eclipse breakdown/eclipse toolchains/winavr/bin/../lib/gcc/avr/4.3.3/avr5\libgcc.a(_mul_sf.o)
 .bss           0x0080023c        0x0 f:/eclipse/eclipse breakdown/eclipse toolchains/winavr/bin/../lib/gcc/avr/4.3.3/avr5\libgcc.a(_div_sf.o)
 .bss           0x0080023c        0x0 f:/eclipse/eclipse breakdown/eclipse toolchains/winavr/bin/../lib/gcc/avr/4.3.3/avr5\libgcc.a(_gt_sf.o)
 .bss           0x0080023c        0x0 f:/eclipse/eclipse breakdown/eclipse toolchains/winavr/bin/../lib/gcc/avr/4.3.3/avr5\libgcc.a(_ge_sf.o)
 .bss           0x0080023c        0x0 f:/eclipse/eclipse breakdown/eclipse toolchains/winavr/bin/../lib/gcc/avr/4.3.3/avr5\libgcc.a(_lt_sf.o)
 .bss           0x0080023c        0x0 f:/eclipse/eclipse breakdown/eclipse toolchains/winavr/bin/../lib/gcc/avr/4.3.3/avr5\libgcc.a(_si_to_sf.o)
 .bss           0x0080023c        0x0 f:/eclipse/eclipse breakdown/eclipse toolchains/winavr/bin/../lib/gcc/avr/4.3.3/avr5\libgcc.a(_sf_to_si.o)
 .bss           0x0080023c        0x0 f:/eclipse/eclipse breakdown/eclipse toolchains/winavr/bin/../lib/gcc/avr/4.3.3/avr5\libgcc.a(_thenan_sf.o)
 .bss           0x0080023c        0x0 f:/eclipse/eclipse breakdown/eclipse toolchains/winavr/bin/../lib/gcc/avr/4.3.3/avr5\libgcc.a(_usi_to_sf.o)
 .bss           0x0080023c        0x0 f:/eclipse/eclipse breakdown/eclipse toolchains/winavr/bin/../lib/gcc/avr/4.3.3/avr5\libgcc.a(_prologue.o)
 .bss           0x0080023c        0x0 f:/eclipse/eclipse breakdown/eclipse toolchains/winavr/bin/../lib/gcc/avr/4.3.3/avr5\libgcc.a(_epilogue.o)
 .bss           0x0080023c        0x0 f:/eclipse/eclipse breakdown/eclipse toolchains/winavr/bin/../lib/gcc/avr/4.3.3/avr5\libgcc.a(_clz.o)
 .bss           0x0080023c        0x0 f:/eclipse/eclipse breakdown/eclipse toolchains/winavr/bin/../lib/gcc/avr/4.3.3/avr5\libgcc.a(_clzsi2.o)
 .bss           0x0080023c        0x0 f:/eclipse/eclipse breakdown/eclipse toolchains/winavr/bin/../lib/gcc/avr/4.3.3/avr5\libgcc.a(_pack_sf.o)
 .bss           0x0080023c        0x0 f:/eclipse/eclipse breakdown/eclipse toolchains/winavr/bin/../lib/gcc/avr/4.3.3/avr5\libgcc.a(_unpack_sf.o)
 .bss           0x0080023c        0x0 f:/eclipse/eclipse breakdown/eclipse toolchains/winavr/bin/../lib/gcc/avr/4.3.3/avr5\libgcc.a(_fpcmp_parts_sf.o)
 *(.bss*)
 .bss.ADC_pu16AsynchConversionReading
                0x0080023c        0x2 ./Porject/ADC_program.o
 .bss.ADC_pvCallBackNotificationFunc
                0x0080023e        0x2 ./Porject/ADC_program.o
 .bss.ADC_pu8ChainChannelArr
                0x00800240        0x2 ./Porject/ADC_program.o
 .bss.ADC_pu16ChainResultArr
                0x00800242        0x2 ./Porject/ADC_program.o
 .bss.ADC_u8ChainConversionIndex
                0x00800244        0x1 ./Porject/ADC_program.o
 .bss.ADC_u8BusyState
                0x00800245        0x1 ./Porject/ADC_program.o
                0x00800245                ADC_u8BusyState
 .bss.ADC_u8ChainSize
                0x00800246        0x1 ./Porject/ADC_program.o
 .bss.ADC_u8ISRSource
                0x00800247        0x1 ./Porject/ADC_program.o
 .bss.EXTI_pvINT0PointerToFunc
                0x00800248        0x2 ./Porject/EXTI_program.o
                0x00800248                EXTI_pvINT0PointerToFunc
 .bss.EXTI_pvINT1PointerToFunc
                0x0080024a        0x2 ./Porject/EXTI_program.o
                0x0080024a                EXTI_pvINT1PointerToFunc
 .bss.EXTI_pvINT2PointerToFunc
                0x0080024c        0x2 ./Porject/EXTI_program.o
                0x0080024c                EXTI_pvINT2PointerToFunc
 .bss.Local_u8PinState.1320
                0x0080024e        0x1 ./Porject/Keypad_program.o
 .bss.Local_u8RowIndex.1319
                0x0080024f        0x1 ./Porject/Keypad_program.o
 .bss.Local_u8ColumnIndex.1318
                0x00800250        0x1 ./Porject/Keypad_program.o
 .bss.Timer0_pvCallBackFuncCTCMode
                0x00800251        0x2 ./Porject/Timer0_program.o
 .bss.Timer0_pvCallBackFuncOverFlowMode
                0x00800253        0x2 ./Porject/Timer0_program.o
 .bss.Local_u8Start_closedSystem
                0x00800255        0x1 ./Porject/main.o
                0x00800255                Local_u8Start_closedSystem
 *(COMMON)
                0x00800256                PROVIDE (__bss_end, .)
                0x000098e4                __data_load_start = LOADADDR (.data)
                0x00009ac0                __data_load_end = (__data_load_start + SIZEOF (.data))

.noinit         0x00800256        0x0
                0x00800256                PROVIDE (__noinit_start, .)
 *(.noinit*)
                0x00800256                PROVIDE (__noinit_end, .)
                0x00800256                _end = .
                0x00800256                PROVIDE (__heap_start, .)

.eeprom         0x00810000        0x0
 *(.eeprom*)
                0x00810000                __eeprom_end = .

.fuse
 *(.fuse)
 *(.lfuse)
 *(.hfuse)
 *(.efuse)

.lock
 *(.lock*)

.signature
 *(.signature*)

.stab           0x00000000     0x6fa8
 *(.stab)
 .stab          0x00000000      0x8d0 ./Porject/ADC_program.o
 .stab          0x000008d0      0x270 ./Porject/Buzzer_program.o
                                0x36c (size before relaxing)
 .stab          0x00000b40      0xfa8 ./Porject/CLCD_program.o
                               0x1254 (size before relaxing)
 .stab          0x00001ae8      0x264 ./Porject/DC_Motor_program.o
                                0x51c (size before relaxing)
 .stab          0x00001d4c      0xc6c ./Porject/DIO_program.o
                                0xd8c (size before relaxing)
 .stab          0x000029b8      0x708 ./Porject/EXTI_program.o
                                0x804 (size before relaxing)
 .stab          0x000030c0      0x144 ./Porject/GIE_program.o
                                0x240 (size before relaxing)
 .stab          0x00003204      0x384 ./Porject/Keypad_program.o
                                0x63c (size before relaxing)
 .stab          0x00003588      0x1d4 ./Porject/LM35_program.o
                                0x2e8 (size before relaxing)
 .stab          0x0000375c      0x3fc ./Porject/Led_program.o
                                0x51c (size before relaxing)
 .stab          0x00003b58      0x1e0 ./Porject/Mapping_program.o
                                0x2dc (size before relaxing)
 .stab          0x00003d38      0x4d4 ./Porject/Pass_prog.o
                                0x75c (size before relaxing)
 .stab          0x0000420c      0x1c8 ./Porject/Servo_program.o
                                0x2e8 (size before relaxing)
 .stab          0x000043d4     0x1998 ./Porject/Stepper_program.o
                               0x1c44 (size before relaxing)
 .stab          0x00005d6c      0x384 ./Porject/Timer0_program.o
                                0x480 (size before relaxing)
 .stab          0x000060f0      0x2c4 ./Porject/Timer1_program.o
                                0x3c0 (size before relaxing)
 .stab          0x000063b4      0xbf4 ./Porject/main.o
                                0xf0c (size before relaxing)

.stabstr        0x00000000     0x2365
 *(.stabstr)
 .stabstr       0x00000000     0x2365 ./Porject/ADC_program.o

.stab.excl
 *(.stab.excl)

.stab.exclstr
 *(.stab.exclstr)

.stab.index
 *(.stab.index)

.stab.indexstr
 *(.stab.indexstr)

.comment
 *(.comment)

.debug
 *(.debug)

.line
 *(.line)

.debug_srcinfo
 *(.debug_srcinfo)

.debug_sfnames
 *(.debug_sfnames)

.debug_aranges  0x00000000      0x200
 *(.debug_aranges)
 .debug_aranges
                0x00000000       0x20 f:/eclipse/eclipse breakdown/eclipse toolchains/winavr/bin/../lib/gcc/avr/4.3.3/avr5\libgcc.a(_fixunssfsi.o)
 .debug_aranges
                0x00000020       0x20 f:/eclipse/eclipse breakdown/eclipse toolchains/winavr/bin/../lib/gcc/avr/4.3.3/avr5\libgcc.a(_udivdi3.o)
 .debug_aranges
                0x00000040       0x20 f:/eclipse/eclipse breakdown/eclipse toolchains/winavr/bin/../lib/gcc/avr/4.3.3/avr5\libgcc.a(_umoddi3.o)
 .debug_aranges
                0x00000060       0x20 f:/eclipse/eclipse breakdown/eclipse toolchains/winavr/bin/../lib/gcc/avr/4.3.3/avr5\libgcc.a(_addsub_sf.o)
 .debug_aranges
                0x00000080       0x20 f:/eclipse/eclipse breakdown/eclipse toolchains/winavr/bin/../lib/gcc/avr/4.3.3/avr5\libgcc.a(_mul_sf.o)
 .debug_aranges
                0x000000a0       0x20 f:/eclipse/eclipse breakdown/eclipse toolchains/winavr/bin/../lib/gcc/avr/4.3.3/avr5\libgcc.a(_div_sf.o)
 .debug_aranges
                0x000000c0       0x20 f:/eclipse/eclipse breakdown/eclipse toolchains/winavr/bin/../lib/gcc/avr/4.3.3/avr5\libgcc.a(_gt_sf.o)
 .debug_aranges
                0x000000e0       0x20 f:/eclipse/eclipse breakdown/eclipse toolchains/winavr/bin/../lib/gcc/avr/4.3.3/avr5\libgcc.a(_ge_sf.o)
 .debug_aranges
                0x00000100       0x20 f:/eclipse/eclipse breakdown/eclipse toolchains/winavr/bin/../lib/gcc/avr/4.3.3/avr5\libgcc.a(_lt_sf.o)
 .debug_aranges
                0x00000120       0x20 f:/eclipse/eclipse breakdown/eclipse toolchains/winavr/bin/../lib/gcc/avr/4.3.3/avr5\libgcc.a(_si_to_sf.o)
 .debug_aranges
                0x00000140       0x20 f:/eclipse/eclipse breakdown/eclipse toolchains/winavr/bin/../lib/gcc/avr/4.3.3/avr5\libgcc.a(_sf_to_si.o)
 .debug_aranges
                0x00000160       0x20 f:/eclipse/eclipse breakdown/eclipse toolchains/winavr/bin/../lib/gcc/avr/4.3.3/avr5\libgcc.a(_usi_to_sf.o)
 .debug_aranges
                0x00000180       0x20 f:/eclipse/eclipse breakdown/eclipse toolchains/winavr/bin/../lib/gcc/avr/4.3.3/avr5\libgcc.a(_clzsi2.o)
 .debug_aranges
                0x000001a0       0x20 f:/eclipse/eclipse breakdown/eclipse toolchains/winavr/bin/../lib/gcc/avr/4.3.3/avr5\libgcc.a(_pack_sf.o)
 .debug_aranges
                0x000001c0       0x20 f:/eclipse/eclipse breakdown/eclipse toolchains/winavr/bin/../lib/gcc/avr/4.3.3/avr5\libgcc.a(_unpack_sf.o)
 .debug_aranges
                0x000001e0       0x20 f:/eclipse/eclipse breakdown/eclipse toolchains/winavr/bin/../lib/gcc/avr/4.3.3/avr5\libgcc.a(_fpcmp_parts_sf.o)

.debug_pubnames
                0x00000000      0x254
 *(.debug_pubnames)
 .debug_pubnames
                0x00000000       0x23 f:/eclipse/eclipse breakdown/eclipse toolchains/winavr/bin/../lib/gcc/avr/4.3.3/avr5\libgcc.a(_fixunssfsi.o)
 .debug_pubnames
                0x00000023       0x20 f:/eclipse/eclipse breakdown/eclipse toolchains/winavr/bin/../lib/gcc/avr/4.3.3/avr5\libgcc.a(_udivdi3.o)
 .debug_pubnames
                0x00000043       0x20 f:/eclipse/eclipse breakdown/eclipse toolchains/winavr/bin/../lib/gcc/avr/4.3.3/avr5\libgcc.a(_umoddi3.o)
 .debug_pubnames
                0x00000063       0x2c f:/eclipse/eclipse breakdown/eclipse toolchains/winavr/bin/../lib/gcc/avr/4.3.3/avr5\libgcc.a(_addsub_sf.o)
 .debug_pubnames
                0x0000008f       0x1f f:/eclipse/eclipse breakdown/eclipse toolchains/winavr/bin/../lib/gcc/avr/4.3.3/avr5\libgcc.a(_mul_sf.o)
 .debug_pubnames
                0x000000ae       0x1f f:/eclipse/eclipse breakdown/eclipse toolchains/winavr/bin/../lib/gcc/avr/4.3.3/avr5\libgcc.a(_div_sf.o)
 .debug_pubnames
                0x000000cd       0x1e f:/eclipse/eclipse breakdown/eclipse toolchains/winavr/bin/../lib/gcc/avr/4.3.3/avr5\libgcc.a(_gt_sf.o)
 .debug_pubnames
                0x000000eb       0x1e f:/eclipse/eclipse breakdown/eclipse toolchains/winavr/bin/../lib/gcc/avr/4.3.3/avr5\libgcc.a(_ge_sf.o)
 .debug_pubnames
                0x00000109       0x1e f:/eclipse/eclipse breakdown/eclipse toolchains/winavr/bin/../lib/gcc/avr/4.3.3/avr5\libgcc.a(_lt_sf.o)
 .debug_pubnames
                0x00000127       0x22 f:/eclipse/eclipse breakdown/eclipse toolchains/winavr/bin/../lib/gcc/avr/4.3.3/avr5\libgcc.a(_si_to_sf.o)
 .debug_pubnames
                0x00000149       0x20 f:/eclipse/eclipse breakdown/eclipse toolchains/winavr/bin/../lib/gcc/avr/4.3.3/avr5\libgcc.a(_sf_to_si.o)
 .debug_pubnames
                0x00000169       0x22 f:/eclipse/eclipse breakdown/eclipse toolchains/winavr/bin/../lib/gcc/avr/4.3.3/avr5\libgcc.a(_thenan_sf.o)
 .debug_pubnames
                0x0000018b       0x24 f:/eclipse/eclipse breakdown/eclipse toolchains/winavr/bin/../lib/gcc/avr/4.3.3/avr5\libgcc.a(_usi_to_sf.o)
 .debug_pubnames
                0x000001af       0x20 f:/eclipse/eclipse breakdown/eclipse toolchains/winavr/bin/../lib/gcc/avr/4.3.3/avr5\libgcc.a(_clz.o)
 .debug_pubnames
                0x000001cf       0x1f f:/eclipse/eclipse breakdown/eclipse toolchains/winavr/bin/../lib/gcc/avr/4.3.3/avr5\libgcc.a(_clzsi2.o)
 .debug_pubnames
                0x000001ee       0x1f f:/eclipse/eclipse breakdown/eclipse toolchains/winavr/bin/../lib/gcc/avr/4.3.3/avr5\libgcc.a(_pack_sf.o)
 .debug_pubnames
                0x0000020d       0x21 f:/eclipse/eclipse breakdown/eclipse toolchains/winavr/bin/../lib/gcc/avr/4.3.3/avr5\libgcc.a(_unpack_sf.o)
 .debug_pubnames
                0x0000022e       0x26 f:/eclipse/eclipse breakdown/eclipse toolchains/winavr/bin/../lib/gcc/avr/4.3.3/avr5\libgcc.a(_fpcmp_parts_sf.o)

.debug_info     0x00000000     0x3487
 *(.debug_info)
 .debug_info    0x00000000       0xb1 f:/eclipse/eclipse breakdown/eclipse toolchains/winavr/bin/../lib/gcc/avr/4.3.3/avr5\libgcc.a(_fixunssfsi.o)
 .debug_info    0x000000b1      0x71e f:/eclipse/eclipse breakdown/eclipse toolchains/winavr/bin/../lib/gcc/avr/4.3.3/avr5\libgcc.a(_udivdi3.o)
 .debug_info    0x000007cf      0x757 f:/eclipse/eclipse breakdown/eclipse toolchains/winavr/bin/../lib/gcc/avr/4.3.3/avr5\libgcc.a(_umoddi3.o)
 .debug_info    0x00000f26      0x47a f:/eclipse/eclipse breakdown/eclipse toolchains/winavr/bin/../lib/gcc/avr/4.3.3/avr5\libgcc.a(_addsub_sf.o)
 .debug_info    0x000013a0      0x485 f:/eclipse/eclipse breakdown/eclipse toolchains/winavr/bin/../lib/gcc/avr/4.3.3/avr5\libgcc.a(_mul_sf.o)
 .debug_info    0x00001825      0x3fc f:/eclipse/eclipse breakdown/eclipse toolchains/winavr/bin/../lib/gcc/avr/4.3.3/avr5\libgcc.a(_div_sf.o)
 .debug_info    0x00001c21      0x27f f:/eclipse/eclipse breakdown/eclipse toolchains/winavr/bin/../lib/gcc/avr/4.3.3/avr5\libgcc.a(_gt_sf.o)
 .debug_info    0x00001ea0      0x27f f:/eclipse/eclipse breakdown/eclipse toolchains/winavr/bin/../lib/gcc/avr/4.3.3/avr5\libgcc.a(_ge_sf.o)
 .debug_info    0x0000211f      0x27f f:/eclipse/eclipse breakdown/eclipse toolchains/winavr/bin/../lib/gcc/avr/4.3.3/avr5\libgcc.a(_lt_sf.o)
 .debug_info    0x0000239e      0x207 f:/eclipse/eclipse breakdown/eclipse toolchains/winavr/bin/../lib/gcc/avr/4.3.3/avr5\libgcc.a(_si_to_sf.o)
 .debug_info    0x000025a5      0x2b0 f:/eclipse/eclipse breakdown/eclipse toolchains/winavr/bin/../lib/gcc/avr/4.3.3/avr5\libgcc.a(_sf_to_si.o)
 .debug_info    0x00002855      0x12c f:/eclipse/eclipse breakdown/eclipse toolchains/winavr/bin/../lib/gcc/avr/4.3.3/avr5\libgcc.a(_thenan_sf.o)
 .debug_info    0x00002981      0x206 f:/eclipse/eclipse breakdown/eclipse toolchains/winavr/bin/../lib/gcc/avr/4.3.3/avr5\libgcc.a(_usi_to_sf.o)
 .debug_info    0x00002b87       0xa9 f:/eclipse/eclipse breakdown/eclipse toolchains/winavr/bin/../lib/gcc/avr/4.3.3/avr5\libgcc.a(_clz.o)
 .debug_info    0x00002c30      0x117 f:/eclipse/eclipse breakdown/eclipse toolchains/winavr/bin/../lib/gcc/avr/4.3.3/avr5\libgcc.a(_clzsi2.o)
 .debug_info    0x00002d47      0x2df f:/eclipse/eclipse breakdown/eclipse toolchains/winavr/bin/../lib/gcc/avr/4.3.3/avr5\libgcc.a(_pack_sf.o)
 .debug_info    0x00003026      0x251 f:/eclipse/eclipse breakdown/eclipse toolchains/winavr/bin/../lib/gcc/avr/4.3.3/avr5\libgcc.a(_unpack_sf.o)
 .debug_info    0x00003277      0x210 f:/eclipse/eclipse breakdown/eclipse toolchains/winavr/bin/../lib/gcc/avr/4.3.3/avr5\libgcc.a(_fpcmp_parts_sf.o)
 *(.gnu.linkonce.wi.*)

.debug_abbrev   0x00000000     0x17df
 *(.debug_abbrev)
 .debug_abbrev  0x00000000       0x5d f:/eclipse/eclipse breakdown/eclipse toolchains/winavr/bin/../lib/gcc/avr/4.3.3/avr5\libgcc.a(_fixunssfsi.o)
 .debug_abbrev  0x0000005d      0x181 f:/eclipse/eclipse breakdown/eclipse toolchains/winavr/bin/../lib/gcc/avr/4.3.3/avr5\libgcc.a(_udivdi3.o)
 .debug_abbrev  0x000001de      0x190 f:/eclipse/eclipse breakdown/eclipse toolchains/winavr/bin/../lib/gcc/avr/4.3.3/avr5\libgcc.a(_umoddi3.o)
 .debug_abbrev  0x0000036e      0x1ea f:/eclipse/eclipse breakdown/eclipse toolchains/winavr/bin/../lib/gcc/avr/4.3.3/avr5\libgcc.a(_addsub_sf.o)
 .debug_abbrev  0x00000558      0x21b f:/eclipse/eclipse breakdown/eclipse toolchains/winavr/bin/../lib/gcc/avr/4.3.3/avr5\libgcc.a(_mul_sf.o)
 .debug_abbrev  0x00000773      0x216 f:/eclipse/eclipse breakdown/eclipse toolchains/winavr/bin/../lib/gcc/avr/4.3.3/avr5\libgcc.a(_div_sf.o)
 .debug_abbrev  0x00000989      0x15a f:/eclipse/eclipse breakdown/eclipse toolchains/winavr/bin/../lib/gcc/avr/4.3.3/avr5\libgcc.a(_gt_sf.o)
 .debug_abbrev  0x00000ae3      0x15a f:/eclipse/eclipse breakdown/eclipse toolchains/winavr/bin/../lib/gcc/avr/4.3.3/avr5\libgcc.a(_ge_sf.o)
 .debug_abbrev  0x00000c3d      0x15a f:/eclipse/eclipse breakdown/eclipse toolchains/winavr/bin/../lib/gcc/avr/4.3.3/avr5\libgcc.a(_lt_sf.o)
 .debug_abbrev  0x00000d97      0x148 f:/eclipse/eclipse breakdown/eclipse toolchains/winavr/bin/../lib/gcc/avr/4.3.3/avr5\libgcc.a(_si_to_sf.o)
 .debug_abbrev  0x00000edf      0x17f f:/eclipse/eclipse breakdown/eclipse toolchains/winavr/bin/../lib/gcc/avr/4.3.3/avr5\libgcc.a(_sf_to_si.o)
 .debug_abbrev  0x0000105e       0xad f:/eclipse/eclipse breakdown/eclipse toolchains/winavr/bin/../lib/gcc/avr/4.3.3/avr5\libgcc.a(_thenan_sf.o)
 .debug_abbrev  0x0000110b      0x157 f:/eclipse/eclipse breakdown/eclipse toolchains/winavr/bin/../lib/gcc/avr/4.3.3/avr5\libgcc.a(_usi_to_sf.o)
 .debug_abbrev  0x00001262       0x6a f:/eclipse/eclipse breakdown/eclipse toolchains/winavr/bin/../lib/gcc/avr/4.3.3/avr5\libgcc.a(_clz.o)
 .debug_abbrev  0x000012cc       0xc4 f:/eclipse/eclipse breakdown/eclipse toolchains/winavr/bin/../lib/gcc/avr/4.3.3/avr5\libgcc.a(_clzsi2.o)
 .debug_abbrev  0x00001390      0x1c0 f:/eclipse/eclipse breakdown/eclipse toolchains/winavr/bin/../lib/gcc/avr/4.3.3/avr5\libgcc.a(_pack_sf.o)
 .debug_abbrev  0x00001550      0x154 f:/eclipse/eclipse breakdown/eclipse toolchains/winavr/bin/../lib/gcc/avr/4.3.3/avr5\libgcc.a(_unpack_sf.o)
 .debug_abbrev  0x000016a4      0x13b f:/eclipse/eclipse breakdown/eclipse toolchains/winavr/bin/../lib/gcc/avr/4.3.3/avr5\libgcc.a(_fpcmp_parts_sf.o)

.debug_line     0x00000000     0x1713
 *(.debug_line)
 .debug_line    0x00000000       0xa7 f:/eclipse/eclipse breakdown/eclipse toolchains/winavr/bin/../lib/gcc/avr/4.3.3/avr5\libgcc.a(_fixunssfsi.o)
 .debug_line    0x000000a7      0x1d8 f:/eclipse/eclipse breakdown/eclipse toolchains/winavr/bin/../lib/gcc/avr/4.3.3/avr5\libgcc.a(_udivdi3.o)
 .debug_line    0x0000027f      0x230 f:/eclipse/eclipse breakdown/eclipse toolchains/winavr/bin/../lib/gcc/avr/4.3.3/avr5\libgcc.a(_umoddi3.o)
 .debug_line    0x000004af      0x2af f:/eclipse/eclipse breakdown/eclipse toolchains/winavr/bin/../lib/gcc/avr/4.3.3/avr5\libgcc.a(_addsub_sf.o)
 .debug_line    0x0000075e      0x239 f:/eclipse/eclipse breakdown/eclipse toolchains/winavr/bin/../lib/gcc/avr/4.3.3/avr5\libgcc.a(_mul_sf.o)
 .debug_line    0x00000997      0x1d5 f:/eclipse/eclipse breakdown/eclipse toolchains/winavr/bin/../lib/gcc/avr/4.3.3/avr5\libgcc.a(_div_sf.o)
 .debug_line    0x00000b6c       0xd3 f:/eclipse/eclipse breakdown/eclipse toolchains/winavr/bin/../lib/gcc/avr/4.3.3/avr5\libgcc.a(_gt_sf.o)
 .debug_line    0x00000c3f       0xd3 f:/eclipse/eclipse breakdown/eclipse toolchains/winavr/bin/../lib/gcc/avr/4.3.3/avr5\libgcc.a(_ge_sf.o)
 .debug_line    0x00000d12       0xd3 f:/eclipse/eclipse breakdown/eclipse toolchains/winavr/bin/../lib/gcc/avr/4.3.3/avr5\libgcc.a(_lt_sf.o)
 .debug_line    0x00000de5      0x135 f:/eclipse/eclipse breakdown/eclipse toolchains/winavr/bin/../lib/gcc/avr/4.3.3/avr5\libgcc.a(_si_to_sf.o)
 .debug_line    0x00000f1a      0x109 f:/eclipse/eclipse breakdown/eclipse toolchains/winavr/bin/../lib/gcc/avr/4.3.3/avr5\libgcc.a(_sf_to_si.o)
 .debug_line    0x00001023       0x90 f:/eclipse/eclipse breakdown/eclipse toolchains/winavr/bin/../lib/gcc/avr/4.3.3/avr5\libgcc.a(_thenan_sf.o)
 .debug_line    0x000010b3      0x133 f:/eclipse/eclipse breakdown/eclipse toolchains/winavr/bin/../lib/gcc/avr/4.3.3/avr5\libgcc.a(_usi_to_sf.o)
 .debug_line    0x000011e6       0x7c f:/eclipse/eclipse breakdown/eclipse toolchains/winavr/bin/../lib/gcc/avr/4.3.3/avr5\libgcc.a(_clz.o)
 .debug_line    0x00001262       0xa5 f:/eclipse/eclipse breakdown/eclipse toolchains/winavr/bin/../lib/gcc/avr/4.3.3/avr5\libgcc.a(_clzsi2.o)
 .debug_line    0x00001307      0x18a f:/eclipse/eclipse breakdown/eclipse toolchains/winavr/bin/../lib/gcc/avr/4.3.3/avr5\libgcc.a(_pack_sf.o)
 .debug_line    0x00001491      0x14b f:/eclipse/eclipse breakdown/eclipse toolchains/winavr/bin/../lib/gcc/avr/4.3.3/avr5\libgcc.a(_unpack_sf.o)
 .debug_line    0x000015dc      0x137 f:/eclipse/eclipse breakdown/eclipse toolchains/winavr/bin/../lib/gcc/avr/4.3.3/avr5\libgcc.a(_fpcmp_parts_sf.o)

.debug_frame    0x00000000      0x220
 *(.debug_frame)
 .debug_frame   0x00000000       0x20 f:/eclipse/eclipse breakdown/eclipse toolchains/winavr/bin/../lib/gcc/avr/4.3.3/avr5\libgcc.a(_fixunssfsi.o)
 .debug_frame   0x00000020       0x20 f:/eclipse/eclipse breakdown/eclipse toolchains/winavr/bin/../lib/gcc/avr/4.3.3/avr5\libgcc.a(_udivdi3.o)
 .debug_frame   0x00000040       0x20 f:/eclipse/eclipse breakdown/eclipse toolchains/winavr/bin/../lib/gcc/avr/4.3.3/avr5\libgcc.a(_umoddi3.o)
 .debug_frame   0x00000060       0x40 f:/eclipse/eclipse breakdown/eclipse toolchains/winavr/bin/../lib/gcc/avr/4.3.3/avr5\libgcc.a(_addsub_sf.o)
 .debug_frame   0x000000a0       0x20 f:/eclipse/eclipse breakdown/eclipse toolchains/winavr/bin/../lib/gcc/avr/4.3.3/avr5\libgcc.a(_mul_sf.o)
 .debug_frame   0x000000c0       0x20 f:/eclipse/eclipse breakdown/eclipse toolchains/winavr/bin/../lib/gcc/avr/4.3.3/avr5\libgcc.a(_div_sf.o)
 .debug_frame   0x000000e0       0x20 f:/eclipse/eclipse breakdown/eclipse toolchains/winavr/bin/../lib/gcc/avr/4.3.3/avr5\libgcc.a(_gt_sf.o)
 .debug_frame   0x00000100       0x20 f:/eclipse/eclipse breakdown/eclipse toolchains/winavr/bin/../lib/gcc/avr/4.3.3/avr5\libgcc.a(_ge_sf.o)
 .debug_frame   0x00000120       0x20 f:/eclipse/eclipse breakdown/eclipse toolchains/winavr/bin/../lib/gcc/avr/4.3.3/avr5\libgcc.a(_lt_sf.o)
 .debug_frame   0x00000140       0x20 f:/eclipse/eclipse breakdown/eclipse toolchains/winavr/bin/../lib/gcc/avr/4.3.3/avr5\libgcc.a(_si_to_sf.o)
 .debug_frame   0x00000160       0x20 f:/eclipse/eclipse breakdown/eclipse toolchains/winavr/bin/../lib/gcc/avr/4.3.3/avr5\libgcc.a(_sf_to_si.o)
 .debug_frame   0x00000180       0x20 f:/eclipse/eclipse breakdown/eclipse toolchains/winavr/bin/../lib/gcc/avr/4.3.3/avr5\libgcc.a(_usi_to_sf.o)
 .debug_frame   0x000001a0       0x20 f:/eclipse/eclipse breakdown/eclipse toolchains/winavr/bin/../lib/gcc/avr/4.3.3/avr5\libgcc.a(_clzsi2.o)
 .debug_frame   0x000001c0       0x20 f:/eclipse/eclipse breakdown/eclipse toolchains/winavr/bin/../lib/gcc/avr/4.3.3/avr5\libgcc.a(_pack_sf.o)
 .debug_frame   0x000001e0       0x20 f:/eclipse/eclipse breakdown/eclipse toolchains/winavr/bin/../lib/gcc/avr/4.3.3/avr5\libgcc.a(_unpack_sf.o)
 .debug_frame   0x00000200       0x20 f:/eclipse/eclipse breakdown/eclipse toolchains/winavr/bin/../lib/gcc/avr/4.3.3/avr5\libgcc.a(_fpcmp_parts_sf.o)

.debug_str      0x00000000      0x387
 *(.debug_str)
 .debug_str     0x00000000       0xbf f:/eclipse/eclipse breakdown/eclipse toolchains/winavr/bin/../lib/gcc/avr/4.3.3/avr5\libgcc.a(_fixunssfsi.o)
                                 0xfe (size before relaxing)
 .debug_str     0x000000bf       0x8d f:/eclipse/eclipse breakdown/eclipse toolchains/winavr/bin/../lib/gcc/avr/4.3.3/avr5\libgcc.a(_udivdi3.o)
                                0x18a (size before relaxing)
 .debug_str     0x0000014c        0xa f:/eclipse/eclipse breakdown/eclipse toolchains/winavr/bin/../lib/gcc/avr/4.3.3/avr5\libgcc.a(_umoddi3.o)
                                0x18a (size before relaxing)
 .debug_str     0x00000156      0x14d f:/eclipse/eclipse breakdown/eclipse toolchains/winavr/bin/../lib/gcc/avr/4.3.3/avr5\libgcc.a(_addsub_sf.o)
                                0x206 (size before relaxing)
 .debug_str     0x000002a3       0x27 f:/eclipse/eclipse breakdown/eclipse toolchains/winavr/bin/../lib/gcc/avr/4.3.3/avr5\libgcc.a(_mul_sf.o)
                                0x1bf (size before relaxing)
 .debug_str     0x000002ca       0x35 f:/eclipse/eclipse breakdown/eclipse toolchains/winavr/bin/../lib/gcc/avr/4.3.3/avr5\libgcc.a(_div_sf.o)
                                0x1c8 (size before relaxing)
 .debug_str     0x000002ff        0x8 f:/eclipse/eclipse breakdown/eclipse toolchains/winavr/bin/../lib/gcc/avr/4.3.3/avr5\libgcc.a(_gt_sf.o)
                                0x195 (size before relaxing)
 .debug_str     0x00000307        0x8 f:/eclipse/eclipse breakdown/eclipse toolchains/winavr/bin/../lib/gcc/avr/4.3.3/avr5\libgcc.a(_ge_sf.o)
                                0x195 (size before relaxing)
 .debug_str     0x0000030f        0x8 f:/eclipse/eclipse breakdown/eclipse toolchains/winavr/bin/../lib/gcc/avr/4.3.3/avr5\libgcc.a(_lt_sf.o)
                                0x195 (size before relaxing)
 .debug_str     0x00000317       0x1e f:/eclipse/eclipse breakdown/eclipse toolchains/winavr/bin/../lib/gcc/avr/4.3.3/avr5\libgcc.a(_si_to_sf.o)
                                0x17b (size before relaxing)
 .debug_str     0x00000335        0xa f:/eclipse/eclipse breakdown/eclipse toolchains/winavr/bin/../lib/gcc/avr/4.3.3/avr5\libgcc.a(_sf_to_si.o)
                                0x19e (size before relaxing)
 .debug_str     0x00000000      0x103 f:/eclipse/eclipse breakdown/eclipse toolchains/winavr/bin/../lib/gcc/avr/4.3.3/avr5\libgcc.a(_thenan_sf.o)
 .debug_str     0x0000033f       0x14 f:/eclipse/eclipse breakdown/eclipse toolchains/winavr/bin/../lib/gcc/avr/4.3.3/avr5\libgcc.a(_usi_to_sf.o)
                                0x177 (size before relaxing)
 .debug_str     0x00000000       0xf4 f:/eclipse/eclipse breakdown/eclipse toolchains/winavr/bin/../lib/gcc/avr/4.3.3/avr5\libgcc.a(_clz.o)
 .debug_str     0x00000353        0x9 f:/eclipse/eclipse breakdown/eclipse toolchains/winavr/bin/../lib/gcc/avr/4.3.3/avr5\libgcc.a(_clzsi2.o)
                                0x111 (size before relaxing)
 .debug_str     0x0000035c       0x10 f:/eclipse/eclipse breakdown/eclipse toolchains/winavr/bin/../lib/gcc/avr/4.3.3/avr5\libgcc.a(_pack_sf.o)
                                0x19d (size before relaxing)
 .debug_str     0x0000036c        0xb f:/eclipse/eclipse breakdown/eclipse toolchains/winavr/bin/../lib/gcc/avr/4.3.3/avr5\libgcc.a(_unpack_sf.o)
                                0x17f (size before relaxing)
 .debug_str     0x00000377       0x10 f:/eclipse/eclipse breakdown/eclipse toolchains/winavr/bin/../lib/gcc/avr/4.3.3/avr5\libgcc.a(_fpcmp_parts_sf.o)
                                0x163 (size before relaxing)

.debug_loc      0x00000000     0x2340
 *(.debug_loc)
 .debug_loc     0x00000000       0x34 f:/eclipse/eclipse breakdown/eclipse toolchains/winavr/bin/../lib/gcc/avr/4.3.3/avr5\libgcc.a(_fixunssfsi.o)
 .debug_loc     0x00000034      0xe74 f:/eclipse/eclipse breakdown/eclipse toolchains/winavr/bin/../lib/gcc/avr/4.3.3/avr5\libgcc.a(_udivdi3.o)
 .debug_loc     0x00000ea8      0xab2 f:/eclipse/eclipse breakdown/eclipse toolchains/winavr/bin/../lib/gcc/avr/4.3.3/avr5\libgcc.a(_umoddi3.o)
 .debug_loc     0x0000195a      0x32a f:/eclipse/eclipse breakdown/eclipse toolchains/winavr/bin/../lib/gcc/avr/4.3.3/avr5\libgcc.a(_addsub_sf.o)
 .debug_loc     0x00001c84      0x104 f:/eclipse/eclipse breakdown/eclipse toolchains/winavr/bin/../lib/gcc/avr/4.3.3/avr5\libgcc.a(_mul_sf.o)
 .debug_loc     0x00001d88       0xc0 f:/eclipse/eclipse breakdown/eclipse toolchains/winavr/bin/../lib/gcc/avr/4.3.3/avr5\libgcc.a(_div_sf.o)
 .debug_loc     0x00001e48       0x3c f:/eclipse/eclipse breakdown/eclipse toolchains/winavr/bin/../lib/gcc/avr/4.3.3/avr5\libgcc.a(_gt_sf.o)
 .debug_loc     0x00001e84       0x3c f:/eclipse/eclipse breakdown/eclipse toolchains/winavr/bin/../lib/gcc/avr/4.3.3/avr5\libgcc.a(_ge_sf.o)
 .debug_loc     0x00001ec0       0x3c f:/eclipse/eclipse breakdown/eclipse toolchains/winavr/bin/../lib/gcc/avr/4.3.3/avr5\libgcc.a(_lt_sf.o)
 .debug_loc     0x00001efc       0xac f:/eclipse/eclipse breakdown/eclipse toolchains/winavr/bin/../lib/gcc/avr/4.3.3/avr5\libgcc.a(_si_to_sf.o)
 .debug_loc     0x00001fa8       0x7e f:/eclipse/eclipse breakdown/eclipse toolchains/winavr/bin/../lib/gcc/avr/4.3.3/avr5\libgcc.a(_sf_to_si.o)
 .debug_loc     0x00002026       0x4c f:/eclipse/eclipse breakdown/eclipse toolchains/winavr/bin/../lib/gcc/avr/4.3.3/avr5\libgcc.a(_usi_to_sf.o)
 .debug_loc     0x00002072       0x94 f:/eclipse/eclipse breakdown/eclipse toolchains/winavr/bin/../lib/gcc/avr/4.3.3/avr5\libgcc.a(_clzsi2.o)
 .debug_loc     0x00002106      0x13e f:/eclipse/eclipse breakdown/eclipse toolchains/winavr/bin/../lib/gcc/avr/4.3.3/avr5\libgcc.a(_pack_sf.o)
 .debug_loc     0x00002244       0xac f:/eclipse/eclipse breakdown/eclipse toolchains/winavr/bin/../lib/gcc/avr/4.3.3/avr5\libgcc.a(_unpack_sf.o)
 .debug_loc     0x000022f0       0x50 f:/eclipse/eclipse breakdown/eclipse toolchains/winavr/bin/../lib/gcc/avr/4.3.3/avr5\libgcc.a(_fpcmp_parts_sf.o)

.debug_macinfo
 *(.debug_macinfo)
OUTPUT(Dashboard_Motor_Control.elf elf32-avr)
LOAD linker stubs

.debug_ranges   0x00000000       0x80
 .debug_ranges  0x00000000       0x18 f:/eclipse/eclipse breakdown/eclipse toolchains/winavr/bin/../lib/gcc/avr/4.3.3/avr5\libgcc.a(_udivdi3.o)
 .debug_ranges  0x00000018       0x18 f:/eclipse/eclipse breakdown/eclipse toolchains/winavr/bin/../lib/gcc/avr/4.3.3/avr5\libgcc.a(_umoddi3.o)
 .debug_ranges  0x00000030       0x50 f:/eclipse/eclipse breakdown/eclipse toolchains/winavr/bin/../lib/gcc/avr/4.3.3/avr5\libgcc.a(_mul_sf.o)
